2025-05-14 16:43:11.812 RTZ 2 (зима) | INFO     | Line   32 (main.py): Обработка началась Соревнования ТерФит
2025-05-14 16:43:11.828 RTZ 2 (зима) | WARNING  | Line  145 (event_parser.py): [7]: Было найдено несколько одинаковых дистанций для EXH
2025-05-14 16:43:11.828 RTZ 2 (зима) | WARNING  | Line  148 (event_parser.py): [7]: Любовь  Титова 59, участвует в забеге со статусом EXH, потому что он не подходит для возраста (9-10)
2025-05-14 16:43:11.829 RTZ 2 (зима) | WARNING  | Line  145 (event_parser.py): [8]: Было найдено несколько одинаковых дистанций для EXH
2025-05-14 16:43:11.830 RTZ 2 (зима) | WARNING  | Line  148 (event_parser.py): [8]: Наталья  Селенгинская  52, участвует в забеге со статусом EXH, потому что он не подходит для возраста (11-12)
2025-05-14 16:43:11.834 RTZ 2 (зима) | WARNING  | Line  145 (event_parser.py): [13]: Было найдено несколько одинаковых дистанций для EXH
2025-05-14 16:43:11.835 RTZ 2 (зима) | WARNING  | Line  148 (event_parser.py): [13]: Надежда Пунтус  45, участвует в забеге со статусом EXH, потому что он не подходит для возраста (11-12)
2025-05-14 16:43:11.845 RTZ 2 (зима) | WARNING  | Line  167 (event_parser.py): [29]: Нарушение политики очков (0.00412;00:23:50)
2025-05-14 16:43:11.847 RTZ 2 (зима) | WARNING  | Line  145 (event_parser.py): [31]: Было найдено несколько одинаковых дистанций для EXH
2025-05-14 16:43:11.848 RTZ 2 (зима) | WARNING  | Line  148 (event_parser.py): [31]: Сергей Носов 59, участвует в забеге со статусом EXH, потому что он не подходит для возраста (11-12)
2025-05-14 16:43:11.852 RTZ 2 (зима) | WARNING  | Line  167 (event_parser.py): [42]: Нарушение политики очков (0.01517;00:17:00)
2025-05-14 16:43:11.856 RTZ 2 (зима) | ERROR    | Line   48 (main.py): Строка 44 пропущена из-за ошибки: [IncorrectDistance] No distances found by parameters M, MEDLEY, 50
Traceback (most recent call last):

  File "C:\Users\2008d\working-space\lenexpy-ext-registered\reg\event_parser.py", line 123, in find_event
    events = self.events[(self.athlete.gender,
             │    │       │    │       └ 'M'
             │    │       │    └ <Athlete athleteid=838388 birthdate=1997-04-20 gender=M firstname=Kirill lastname=Papenov handicap=<Handicap breast=12 free=1...
             │    │       └ <reg.event_parser.RowParser object at 0x000001A7DF523890>
             │    └ {('F', 'FREE', 50): [((7, 8), <Event agegroups=[<AgeGroup id=82647 agemax=7 agemin=7 gender=None calculate=None handicap=11 l...
             └ <reg.event_parser.RowParser object at 0x000001A7DF523890>

KeyError: ('M', 'MEDLEY', 50)


During handling of the above exception, another exception occurred:


Traceback (most recent call last):

  File "C:\Users\2008d\working-space\lenexpy-ext-registered\reg\event_parser.py", line 93, in parse
    event, status = self.find_event()
                    │    └ <function RowParser.find_event at 0x000001A7DD933920>
                    └ <reg.event_parser.RowParser object at 0x000001A7DF523890>

  File "C:\Users\2008d\working-space\lenexpy-ext-registered\reg\event_parser.py", line 126, in find_event
    raise IncorrectDistance(', '.join((self.athlete.gender,
          │                            │    │       └ 'M'
          │                            │    └ <Athlete athleteid=838388 birthdate=1997-04-20 gender=M firstname=Kirill lastname=Papenov handicap=<Handicap breast=12 free=1...
          │                            └ <reg.event_parser.RowParser object at 0x000001A7DF523890>
          └ <class 'reg.exceptions.IncorrectDistance'>

reg.exceptions.IncorrectDistance: No distances found by parameters M, MEDLEY, 50
2025-05-14 16:43:11.909 RTZ 2 (зима) | WARNING  | Line  167 (event_parser.py): [63]: Нарушение политики очков (0.05203;00:09:00)
2025-05-14 16:43:11.920 RTZ 2 (зима) | WARNING  | Line  145 (event_parser.py): [84]: Было найдено несколько одинаковых дистанций для EXH
2025-05-14 16:43:11.921 RTZ 2 (зима) | WARNING  | Line  148 (event_parser.py): [84]: Яна Петрова 33, участвует в забеге со статусом EXH, потому что он не подходит для возраста (9-10)
2025-05-14 16:43:11.926 RTZ 2 (зима) | INFO     | Line   53 (main.py): [BaseData] Clubs: 36 Athletes: 72 Entries: 92
2025-05-14 16:43:11.926 RTZ 2 (зима) | INFO     | Line   58 (main.py): [Lenex] Clubs: 36 Athletes: 72 Entries: 92
2025-05-14 16:43:11.927 RTZ 2 (зима) | WARNING  | Line   68 (main.py): Дублированные записи: Сергей Смирнов
2025-05-14 16:43:11.927 RTZ 2 (зима) | WARNING  | Line   68 (main.py): Дублированные записи: Елена Ярошевская
2025-05-14 16:43:11.927 RTZ 2 (зима) | WARNING  | Line   68 (main.py): Дублированные записи: Юлия  Демидова 
2025-05-14 16:45:04.416 RTZ 2 (зима) | INFO     | Line   32 (main.py): Обработка началась Соревнования ТерФит
2025-05-14 16:45:04.427 RTZ 2 (зима) | WARNING  | Line  145 (event_parser.py): [16]: Было найдено несколько одинаковых дистанций для EXH
2025-05-14 16:45:04.429 RTZ 2 (зима) | WARNING  | Line  148 (event_parser.py): [16]: Николай Турченко 12, участвует в забеге со статусом EXH, потому что он не подходит для возраста (9-10)
2025-05-14 16:45:04.436 RTZ 2 (зима) | WARNING  | Line  145 (event_parser.py): [33]: Было найдено несколько одинаковых дистанций для EXH
2025-05-14 16:45:04.436 RTZ 2 (зима) | WARNING  | Line  148 (event_parser.py): [33]: Максим Писарев 10, участвует в забеге со статусом EXH, потому что он не подходит для возраста (12-12)
2025-05-14 16:45:04.438 RTZ 2 (зима) | WARNING  | Line  145 (event_parser.py): [36]: Было найдено несколько одинаковых дистанций для EXH
2025-05-14 16:45:04.438 RTZ 2 (зима) | WARNING  | Line  148 (event_parser.py): [36]: Дмитрий Уточка 9, участвует в забеге со статусом EXH, потому что он не подходит для возраста (12-12)
2025-05-14 16:45:04.442 RTZ 2 (зима) | WARNING  | Line  145 (event_parser.py): [50]: Было найдено несколько одинаковых дистанций для EXH
2025-05-14 16:45:04.444 RTZ 2 (зима) | WARNING  | Line  148 (event_parser.py): [50]: Виктория Михасева 10, участвует в забеге со статусом EXH, потому что он не подходит для возраста (12-12)
2025-05-14 16:45:04.449 RTZ 2 (зима) | WARNING  | Line  145 (event_parser.py): [68]: Было найдено несколько одинаковых дистанций для EXH
2025-05-14 16:45:04.449 RTZ 2 (зима) | WARNING  | Line  148 (event_parser.py): [68]: Артём  Бровиков  15, участвует в забеге со статусом EXH, потому что он не подходит для возраста (7-8)
2025-05-14 16:45:04.449 RTZ 2 (зима) | WARNING  | Line  145 (event_parser.py): [69]: Было найдено несколько одинаковых дистанций для EXH
2025-05-14 16:45:04.449 RTZ 2 (зима) | WARNING  | Line  148 (event_parser.py): [69]: Артём  Бровиков  15, участвует в забеге со статусом EXH, потому что он не подходит для возраста (9-10)
2025-05-14 16:45:04.451 RTZ 2 (зима) | WARNING  | Line  145 (event_parser.py): [71]: Было найдено несколько одинаковых дистанций для EXH
2025-05-14 16:45:04.452 RTZ 2 (зима) | WARNING  | Line  148 (event_parser.py): [71]: Алина  Викторова  13, участвует в забеге со статусом EXH, потому что он не подходит для возраста (9-10)
2025-05-14 16:45:04.456 RTZ 2 (зима) | WARNING  | Line  145 (event_parser.py): [85]: Было найдено несколько одинаковых дистанций для EXH
2025-05-14 16:45:04.457 RTZ 2 (зима) | WARNING  | Line  148 (event_parser.py): [85]: Василиса  Куликова  11, участвует в забеге со статусом EXH, потому что он не подходит для возраста (9-10)
2025-05-14 16:45:04.458 RTZ 2 (зима) | WARNING  | Line  145 (event_parser.py): [88]: Было найдено несколько одинаковых дистанций для EXH
2025-05-14 16:45:04.459 RTZ 2 (зима) | WARNING  | Line  148 (event_parser.py): [88]: Мария  Попова 16, участвует в забеге со статусом EXH, потому что он не подходит для возраста (9-10)
2025-05-14 16:45:04.459 RTZ 2 (зима) | WARNING  | Line  145 (event_parser.py): [90]: Было найдено несколько одинаковых дистанций для EXH
2025-05-14 16:45:04.460 RTZ 2 (зима) | WARNING  | Line  148 (event_parser.py): [90]: Мария  Попова  16, участвует в забеге со статусом EXH, потому что он не подходит для возраста (7-8)
2025-05-14 16:45:04.462 RTZ 2 (зима) | WARNING  | Line  145 (event_parser.py): [96]: Было найдено несколько одинаковых дистанций для EXH
2025-05-14 16:45:04.463 RTZ 2 (зима) | WARNING  | Line  148 (event_parser.py): [96]: Владимир Гаврилов 13, участвует в забеге со статусом EXH, потому что он не подходит для возраста (9-10)
2025-05-14 16:45:04.468 RTZ 2 (зима) | WARNING  | Line  145 (event_parser.py): [111]: Было найдено несколько одинаковых дистанций для EXH
2025-05-14 16:45:04.469 RTZ 2 (зима) | WARNING  | Line  148 (event_parser.py): [111]: София Нечипорук 12, участвует в забеге со статусом EXH, потому что он не подходит для возраста (9-10)
2025-05-14 16:45:04.470 RTZ 2 (зима) | WARNING  | Line  145 (event_parser.py): [112]: Было найдено несколько одинаковых дистанций для EXH
2025-05-14 16:45:04.470 RTZ 2 (зима) | WARNING  | Line  148 (event_parser.py): [112]: Елизавета  Остроушко  14, участвует в забеге со статусом EXH, потому что он не подходит для возраста (7-8)
2025-05-14 16:45:04.471 RTZ 2 (зима) | WARNING  | Line  145 (event_parser.py): [116]: Было найдено несколько одинаковых дистанций для EXH
2025-05-14 16:45:04.471 RTZ 2 (зима) | WARNING  | Line  148 (event_parser.py): [116]: Андрей  Когдай  13, участвует в забеге со статусом EXH, потому что он не подходит для возраста (9-10)
2025-05-14 16:45:04.474 RTZ 2 (зима) | WARNING  | Line  145 (event_parser.py): [121]: Было найдено несколько одинаковых дистанций для EXH
2025-05-14 16:45:04.474 RTZ 2 (зима) | WARNING  | Line  148 (event_parser.py): [121]: Айрат Сейфетдинов  16, участвует в забеге со статусом EXH, потому что он не подходит для возраста (9-10)
2025-05-14 16:45:04.476 RTZ 2 (зима) | WARNING  | Line  145 (event_parser.py): [125]: Было найдено несколько одинаковых дистанций для EXH
2025-05-14 16:45:04.477 RTZ 2 (зима) | WARNING  | Line  148 (event_parser.py): [125]: Константин Шаталов  12, участвует в забеге со статусом EXH, потому что он не подходит для возраста (9-10)
2025-05-14 16:45:04.489 RTZ 2 (зима) | WARNING  | Line  145 (event_parser.py): [165]: Было найдено несколько одинаковых дистанций для EXH
2025-05-14 16:45:04.490 RTZ 2 (зима) | WARNING  | Line  148 (event_parser.py): [165]: Артём  Бредихин   14, участвует в забеге со статусом EXH, потому что он не подходит для возраста (7-8)
2025-05-14 16:45:04.503 RTZ 2 (зима) | WARNING  | Line  145 (event_parser.py): [210]: Было найдено несколько одинаковых дистанций для EXH
2025-05-14 16:45:04.504 RTZ 2 (зима) | WARNING  | Line  148 (event_parser.py): [210]: Лев Кадушкин 10, участвует в забеге со статусом EXH, потому что он не подходит для возраста (11-12)
2025-05-14 16:45:04.512 RTZ 2 (зима) | WARNING  | Line  145 (event_parser.py): [241]: Было найдено несколько одинаковых дистанций для EXH
2025-05-14 16:45:04.512 RTZ 2 (зима) | WARNING  | Line  148 (event_parser.py): [241]: Василиса Анохина 11, участвует в забеге со статусом EXH, потому что он не подходит для возраста (12-12)
2025-05-14 16:45:04.515 RTZ 2 (зима) | WARNING  | Line  145 (event_parser.py): [249]: Было найдено несколько одинаковых дистанций для EXH
2025-05-14 16:45:04.516 RTZ 2 (зима) | WARNING  | Line  148 (event_parser.py): [249]: Илья Девянин 15, участвует в забеге со статусом EXH, потому что он не подходит для возраста (7-8)
2025-05-14 16:45:04.518 RTZ 2 (зима) | WARNING  | Line  145 (event_parser.py): [252]: Было найдено несколько одинаковых дистанций для EXH
2025-05-14 16:45:04.518 RTZ 2 (зима) | WARNING  | Line  148 (event_parser.py): [252]: Егор  Касандра  15, участвует в забеге со статусом EXH, потому что он не подходит для возраста (9-10)
2025-05-14 16:45:04.518 RTZ 2 (зима) | WARNING  | Line  145 (event_parser.py): [254]: Было найдено несколько одинаковых дистанций для EXH
2025-05-14 16:45:04.518 RTZ 2 (зима) | WARNING  | Line  148 (event_parser.py): [254]: Ярослав Климин 14, участвует в забеге со статусом EXH, потому что он не подходит для возраста (9-10)
2025-05-14 16:45:04.521 RTZ 2 (зима) | WARNING  | Line  145 (event_parser.py): [258]: Было найдено несколько одинаковых дистанций для EXH
2025-05-14 16:45:04.521 RTZ 2 (зима) | WARNING  | Line  148 (event_parser.py): [258]: Олег Сапрыкин 14, участвует в забеге со статусом EXH, потому что он не подходит для возраста (9-10)
2025-05-14 16:45:04.540 RTZ 2 (зима) | WARNING  | Line  145 (event_parser.py): [332]: Было найдено несколько одинаковых дистанций для EXH
2025-05-14 16:45:04.540 RTZ 2 (зима) | WARNING  | Line  148 (event_parser.py): [332]: Ева Колбина 6, участвует в забеге со статусом EXH, потому что он не подходит для возраста (12-12)
2025-05-14 16:45:04.557 RTZ 2 (зима) | WARNING  | Line  145 (event_parser.py): [389]: Было найдено несколько одинаковых дистанций для EXH
2025-05-14 16:45:04.557 RTZ 2 (зима) | WARNING  | Line  148 (event_parser.py): [389]: Максим  Пискленов  15, участвует в забеге со статусом EXH, потому что он не подходит для возраста (7-8)
2025-05-14 16:45:04.586 RTZ 2 (зима) | WARNING  | Line  167 (event_parser.py): [511]: Нарушение политики очков (0.03682;00:12:30)
2025-05-14 16:45:04.602 RTZ 2 (зима) | WARNING  | Line  145 (event_parser.py): [541]: Было найдено несколько одинаковых дистанций для EXH
2025-05-14 16:45:04.603 RTZ 2 (зима) | WARNING  | Line  148 (event_parser.py): [541]: Алексей Городничев 14, участвует в забеге со статусом EXH, потому что он не подходит для возраста (9-10)
2025-05-14 16:45:04.610 RTZ 2 (зима) | WARNING  | Line  167 (event_parser.py): [571]: Нарушение политики очков (0.01942;00:12:30)
2025-05-14 16:45:04.612 RTZ 2 (зима) | WARNING  | Line  167 (event_parser.py): [573]: Нарушение политики очков (0.03793;00:10:00)
2025-05-14 16:45:04.613 RTZ 2 (зима) | WARNING  | Line  167 (event_parser.py): [574]: Нарушение политики очков (0.03793;00:10:00)
2025-05-14 16:45:04.648 RTZ 2 (зима) | WARNING  | Line  145 (event_parser.py): [667]: Было найдено несколько одинаковых дистанций для EXH
2025-05-14 16:45:04.649 RTZ 2 (зима) | WARNING  | Line  148 (event_parser.py): [667]: Дмитрий Леонов  15, участвует в забеге со статусом EXH, потому что он не подходит для возраста (7-8)
2025-05-14 16:45:04.667 RTZ 2 (зима) | WARNING  | Line  145 (event_parser.py): [721]: Было найдено несколько одинаковых дистанций для EXH
2025-05-14 16:45:04.669 RTZ 2 (зима) | WARNING  | Line  148 (event_parser.py): [721]: Екатерина Каспер 13, участвует в забеге со статусом EXH, потому что он не подходит для возраста (9-10)
2025-05-14 16:45:04.675 RTZ 2 (зима) | WARNING  | Line  145 (event_parser.py): [738]: Было найдено несколько одинаковых дистанций для EXH
2025-05-14 16:45:04.675 RTZ 2 (зима) | WARNING  | Line  148 (event_parser.py): [738]: Анастасия Щепотьева 12, участвует в забеге со статусом EXH, потому что он не подходит для возраста (9-10)
2025-05-14 16:45:04.683 RTZ 2 (зима) | WARNING  | Line  167 (event_parser.py): [765]: Нарушение политики очков (0.02896;00:12:00)
2025-05-14 16:45:04.688 RTZ 2 (зима) | WARNING  | Line  145 (event_parser.py): [775]: Было найдено несколько одинаковых дистанций для EXH
2025-05-14 16:45:04.688 RTZ 2 (зима) | WARNING  | Line  148 (event_parser.py): [775]: михаил аюпов 16, участвует в забеге со статусом EXH, потому что он не подходит для возраста (9-10)
2025-05-14 16:45:04.689 RTZ 2 (зима) | WARNING  | Line  145 (event_parser.py): [777]: Было найдено несколько одинаковых дистанций для EXH
2025-05-14 16:45:04.689 RTZ 2 (зима) | WARNING  | Line  148 (event_parser.py): [777]: яромир малых 16, участвует в забеге со статусом EXH, потому что он не подходит для возраста (9-10)
2025-05-14 16:45:04.690 RTZ 2 (зима) | WARNING  | Line  145 (event_parser.py): [779]: Было найдено несколько одинаковых дистанций для EXH
2025-05-14 16:45:04.690 RTZ 2 (зима) | WARNING  | Line  148 (event_parser.py): [779]: дмитрий полетаев 16, участвует в забеге со статусом EXH, потому что он не подходит для возраста (7-8)
2025-05-14 16:45:04.692 RTZ 2 (зима) | WARNING  | Line  145 (event_parser.py): [786]: Было найдено несколько одинаковых дистанций для EXH
2025-05-14 16:45:04.693 RTZ 2 (зима) | WARNING  | Line  148 (event_parser.py): [786]: Артур Хайрутдинов  14, участвует в забеге со статусом EXH, потому что он не подходит для возраста (7-8)
2025-05-14 16:45:04.716 RTZ 2 (зима) | INFO     | Line   53 (main.py): [BaseData] Clubs: 100 Athletes: 679 Entries: 858
2025-05-14 16:45:04.716 RTZ 2 (зима) | INFO     | Line   58 (main.py): [Lenex] Clubs: 100 Athletes: 679 Entries: 858
2025-05-14 16:45:04.716 RTZ 2 (зима) | WARNING  | Line   68 (main.py): Дублированные записи: Иван  Изгаршев 
2025-05-14 16:45:04.716 RTZ 2 (зима) | WARNING  | Line   68 (main.py): Дублированные записи: Иван Шибаев
2025-05-14 16:45:04.716 RTZ 2 (зима) | WARNING  | Line   68 (main.py): Дублированные записи: Виктория  Козлова 
2025-05-14 16:45:04.716 RTZ 2 (зима) | WARNING  | Line   68 (main.py): Дублированные записи: Глеб Чанов
2025-05-14 16:45:04.719 RTZ 2 (зима) | WARNING  | Line   68 (main.py): Дублированные записи: Никита Габриелов
